// Jest Snapshot v1, https://goo.gl/fbAQLP

exports[` TEST GifItem component should match with the snapshot  1`] = `
<div>
  <div
    class="card"
  >
    <img
      alt="Saitama"
      src="http://one-punch.com/saitama.png"
    />
    <p>
      Saitama
    </p>
  </div>
</div>
`;
