// Jest Snapshot v1, https://goo.gl/fbAQLP

exports[`Pruebas en <FirstApp /> should match with the snapshot  1`] = `
<div>
  <h1
    data-testid="test-title"
  >
    hola soy goku
  </h1>
  <h2 />
</div>
`;
